
协议 tcp 端口排除范围

开始端口    结束端口      
----------    --------      
      1455        1455     *
      5357        5357      
      5426        5426      
      5441        5540      
      5541        5640      
      5641        5740      
      5741        5840      
      5841        5940      
      5941        6040      
      7511        7610      
      7711        7810      
      7811        7910      
      7911        8010      
      8011        8110      
      8147        8246      
      9601        9700      
      9768        9867      
     10808       10808     *
     10809       10908      
     10909       11008      
     28385       28385      
     28390       28390      
     50000       50059     *
     54235       54235      

* - 管理的端口排除。

